// Jest Snapshot v1, https://goo.gl/fbAQLP

exports[`Loader Component should match the snapshot 1`] = `"Loading..."`;
